// Jest Snapshot v1, https://goo.gl/fbAQLP

exports[`renders NewDateOfBirthAttribute component 1`] = `
ShallowWrapper {
  "length": 1,
  Symbol(enzyme.__root__): [Circular],
  Symbol(enzyme.__unrendered__): <NewDateOfBirthAttribute
    featureToggles={
      Object {
        "test": true,
      }
    }
    saveDateOfBirth={[Function]}
    walletId="123"
  />,
  Symbol(enzyme.__renderer__): Object {
    "batchedUpdates": [Function],
    "getNode": [Function],
    "render": [Function],
    "simulateEvent": [Function],
    "unmount": [Function],
  },
  Symbol(enzyme.__node__): Object {
    "instance": null,
    "key": undefined,
    "nodeType": "class",
    "props": Object {
      "children": <Button
        enabled={true}
        name="addDateOfBirth"
        onPress={[Function]}
        style={Object {}}
      />,
      "style": Object {
        "alignSelf": "stretch",
        "backgroundColor": "#FFF",
        "margin": 16,
        "marginTop": 30,
        "paddingHorizontal": 20,
        "paddingVertical": 40,
      },
    },
    "ref": null,
    "rendered": Object {
      "instance": null,
      "key": undefined,
      "nodeType": "function",
      "props": Object {
        "enabled": true,
        "name": "addDateOfBirth",
        "onPress": [Function],
        "style": Object {},
      },
      "ref": null,
      "rendered": null,
      "type": [Function],
    },
    "type": [Function],
  },
  Symbol(enzyme.__nodes__): Array [
    Object {
      "instance": null,
      "key": undefined,
      "nodeType": "class",
      "props": Object {
        "children": <Button
          enabled={true}
          name="addDateOfBirth"
          onPress={[Function]}
          style={Object {}}
        />,
        "style": Object {
          "alignSelf": "stretch",
          "backgroundColor": "#FFF",
          "margin": 16,
          "marginTop": 30,
          "paddingHorizontal": 20,
          "paddingVertical": 40,
        },
      },
      "ref": null,
      "rendered": Object {
        "instance": null,
        "key": undefined,
        "nodeType": "function",
        "props": Object {
          "enabled": true,
          "name": "addDateOfBirth",
          "onPress": [Function],
          "style": Object {},
        },
        "ref": null,
        "rendered": null,
        "type": [Function],
      },
      "type": [Function],
    },
  ],
  Symbol(enzyme.__options__): Object {
    "adapter": ReactSixteenAdapter {
      "options": Object {
        "enableComponentDidUpdateOnSetState": true,
      },
    },
    "context": Object {
      "store": Object {
        "clearActions": [Function],
        "dispatch": [Function],
        "getActions": [Function],
        "getState": [Function],
        "replaceReducer": [Function],
        "subscribe": [Function],
      },
    },
  },
}
`;
